[ayeshafalak.github.io/portfolio/index.html]
[backblue.gif]
[fade.gif]
[index.html]
[ayeshafalak.github.io/portfolio/style.css]
[cdnjs.cloudflare.com/ajax/libs/font-awesome/4.7.0/css/font-awesome.min.css]
[maxcdn.bootstrapcdn.com/bootstrap/3.4.1/css/bootstrap.min.css]
[ajax.googleapis.com/ajax/libs/jquery/3.5.1/jquery.min.js]
[unpkg.com/aos@2.3.1/dist/aos.css]
[unpkg.com/aos@2.3.1/dist/aos.js]
[maxcdn.bootstrapcdn.com/bootstrap/3.4.1/js/bootstrap.min.js]
[ayeshafalak.github.io/portfolio/index-2.html]
[ayeshafalak.github.io/portfolio/images/highqc.jpg]
[ayeshafalak.github.io/portfolio/images/ct.jpg]
[ayeshafalak.github.io/portfolio/images/ngoc.jpg]
[ayeshafalak.github.io/portfolio/images/js.jpg]
[ayeshafalak.github.io/portfolio/images/rweb.jpg]
[ayeshafalak.github.io/portfolio/images/php.jpg]
[ayeshafalak.github.io/portfolio/images/sql.jpg]
[ayeshafalak.github.io/portfolio/images/udemy.jpg]
[ayeshafalak.github.io/portfolio/images/gd.jpg]
[ayeshafalak.github.io/portfolio/images/python.jpg]
[ayeshafalak.github.io/portfolio/images/ml.jpg]
[ayeshafalak.github.io/portfolio/images/ai.jpg]
[ayeshafalak.github.io/portfolio/index.html]
[ayeshafalak.github.io/portfolio/style.css]
[cdnjs.cloudflare.com/ajax/libs/font-awesome/4.7.0/css/font-awesome.min.css]
[maxcdn.bootstrapcdn.com/bootstrap/3.4.1/css/bootstrap.min.css]
[unpkg.com/aos@2.3.1/dist/aos.css]
[ayeshafalak.github.io/portfolio/index-2.html]
[www.capcitycreative.ca/wp-content/uploads/2017/01/slider-background.jpg]
